[20:30:49] [main/INFO]: Loading Minecraft 26.1.2 with Fabric Loader 0.19.2
[20:30:49] [main/INFO]: Loading 53 mods:
	- entityculling 1.10.2
	   |-- transition 1.0.19
	   \-- trender 1.0.13
	- fabric-api 0.149.0+26.1.2
	   |-- fabric-api-base 2.0.3+ece063234c
	   |-- fabric-api-lookup-api-v1 2.0.11+d5a053b64c
	   |-- fabric-biome-api-v1 18.0.4+35c80edc4c
	   |-- fabric-block-api-v1 3.0.2+ec56b6014c
	   |-- fabric-block-getter-api-v2 2.0.6+ec56b6014c
	   |-- fabric-command-api-v2 3.0.5+e2bdee784c
	   |-- fabric-content-registries-v0 11.1.1+1a3b26974c
	   |-- fabric-convention-tags-v2 4.6.0+e47fb87c4c
	   |-- fabric-crash-report-info-v1 1.0.3+9f78a5a84c
	   |-- fabric-creative-tab-api-v1 5.0.11+d871b99e4c
	   |-- fabric-data-attachment-api-v1 2.2.6+d602a8964c
	   |-- fabric-data-generation-api-v1 24.2.0+73b1f9054c
	   |-- fabric-debug-api-v1 1.0.1+c792624d4c
	   |-- fabric-dimensions-v1 5.1.5+9cbf5da54c
	   |-- fabric-entity-events-v1 5.0.2+e2bdee784c
	   |-- fabric-events-interaction-v0 5.2.1+a67251b84c
	   |-- fabric-game-rule-api-v1 4.0.5+d871b99e4c
	   |-- fabric-item-api-v1 14.1.2+73d134684c
	   |-- fabric-key-mapping-api-v1 2.0.4+e2bdee784c
	   |-- fabric-lifecycle-events-v1 4.1.0+6d50a0854c
	   |-- fabric-loot-api-v3 3.0.12+00a1fba64c
	   |-- fabric-menu-api-v1 2.0.13+d871b99e4c
	   |-- fabric-message-api-v1 7.0.5+dae8ce3e4c
	   |-- fabric-model-loading-api-v1 8.0.6+c80601bb4c
	   |-- fabric-networking-api-v1 6.3.1+554860db4c
	   |-- fabric-object-builder-api-v1 23.0.16+b95dd56e4c
	   |-- fabric-particles-v1 5.0.15+b61fef434c
	   |-- fabric-permission-api-v1 1.0.0+f3e738be4c
	   |-- fabric-recipe-api-v1 9.0.15+be4b75ae4c
	   |-- fabric-registry-sync-v0 7.0.13+b61fef434c
	   |-- fabric-renderer-api-v1 13.0.3+c80601bb4c
	   |-- fabric-renderer-indigo 8.1.0+1403e82c4c
	   |-- fabric-rendering-fluids-v1 6.0.1+d871b99e4c
	   |-- fabric-rendering-v1 23.1.0+1403e82c4c
	   |-- fabric-resource-conditions-api-v1 6.0.5+00a1fba64c
	   |-- fabric-resource-loader-v0 3.3.17+4fc5413f4c
	   |-- fabric-resource-loader-v1 2.0.10+7c44c7324c
	   |-- fabric-screen-api-v1 5.0.1+d871b99e4c
	   |-- fabric-serialization-api-v1 2.0.3+11a26f314c
	   |-- fabric-sound-api-v1 2.0.4+11a26f314c
	   |-- fabric-tag-api-v1 2.1.0+73b1f9054c
	   |-- fabric-transfer-api-v1 8.0.5+357ea7334c
	   \-- fabric-transitive-access-wideners-v1 8.1.0+acd9108d4c
	- fabricloader 0.19.2
	   \-- mixinextras 0.5.4
	- ferritecore 9.0.0
	- java 25
	- minecraft 26.1.2
	- sodium 0.8.12-beta.4+mc26.1.2
	   |-- fabric-api-base 2.0.3+ece063234c
	   |-- fabric-block-getter-api-v2 2.0.6+ec56b6014c
	   |-- fabric-lifecycle-events-v1 4.1.0+6d50a0854c
	   |-- fabric-renderer-api-v1 13.0.3+c80601bb4c
	   |-- fabric-rendering-fluids-v1 6.0.1+d871b99e4c
	   |-- fabric-rendering-v1 23.1.0+1403e82c4c
	   \-- fabric-transitive-access-wideners-v1 8.1.0+acd9108d4c
[20:30:49] [main/INFO]: SpongePowered MIXIN Subsystem Version=0.8.7 Source=file:/home/tony/.var/app/org.prismlauncher.PrismLauncher/data/PrismLauncher/libraries/net/fabricmc/sponge-mixin/0.17.2+mixin.0.8.7/sponge-mixin-0.17.2+mixin.0.8.7.jar Service=Knot/Fabric Env=CLIENT
[20:30:49] [main/INFO]: Compatibility level set to JAVA_16
[20:30:49] [main/INFO]: Compatibility level set to JAVA_25
[20:30:49] [main/WARN]: Reference map 'entityculling.refmap.mixins.json' for entityculling.mixins.json could not be read. If this is a development environment you can ignore this message
[20:30:49] [main/INFO]: Loaded configuration file for Sodium: 36 options available, 0 override(s) found
[20:30:50] [main/INFO]: Searching for graphics cards...
[20:30:50] [main/INFO]: Found graphics adapter: LinuxPciAdapterInfo[vendor=AMD, name=Navi 23 [Radeon RX 6600/6600 XT/6600M], pciVendorId=0x1002, pciDeviceId=0x73ff]
[20:30:50] [main/WARN]: Sodium has applied one or more workarounds to prevent crashes or other issues on your system: [NO_ERROR_CONTEXT_UNSUPPORTED]
[20:30:50] [main/WARN]: This is not necessarily an issue, but it may result in certain features or optimizations being disabled. You can sometimes fix these issues by upgrading your graphics driver.
[20:30:50] [main/INFO]: Initializing MixinExtras via com.llamalad7.mixinextras.service.MixinExtrasServiceImpl(version=0.5.4).
[20:30:51] [Datafixer Bootstrap/INFO]: 291 Datafixer optimizations took 276 milliseconds
[20:30:55] [Render thread/INFO]: Environment: Environment[sessionHost=https://sessionserver.mojang.com, servicesHost=https://api.minecraftservices.com, profilesHost=https://api.mojang.com, name=PROD]
[20:30:55] [Render thread/INFO]: Setting user: TokiPonaEnjoyer
[20:30:55] [Render thread/INFO]: [Indigo] Different rendering plugin detected; not applying Indigo.
[20:30:55] [Render thread/INFO]: [STDOUT]: [LibGui] Initializing Client...
[20:30:55] [Render thread/INFO]: Setting exclusive fullscreen to true by default, as the user is not on Windows and the language cannot be guessed.
[20:30:55] [Render thread/INFO]: Backend library: LWJGL version 3.4.1-snapshot
[20:30:56] [Render thread/INFO]: Using optional rendering extensions: GL_ARB_buffer_storage, GL_KHR_debug, GL_ARB_vertex_attrib_binding, GL_ARB_direct_state_access, GL_EXT_texture_filter_anisotropic
[20:30:57] [Render thread/INFO]: Reloading ResourceManager: vanilla, entityculling, fabric-api, fabric-api-base, fabric-api-lookup-api-v1, fabric-biome-api-v1, fabric-block-api-v1, fabric-block-getter-api-v2, fabric-command-api-v2, fabric-content-registries-v0, fabric-convention-tags-v2, fabric-crash-report-info-v1, fabric-creative-tab-api-v1, fabric-data-attachment-api-v1, fabric-data-generation-api-v1, fabric-debug-api-v1, fabric-dimensions-v1, fabric-entity-events-v1, fabric-events-interaction-v0, fabric-game-rule-api-v1, fabric-item-api-v1, fabric-key-mapping-api-v1, fabric-lifecycle-events-v1, fabric-loot-api-v3, fabric-menu-api-v1, fabric-message-api-v1, fabric-model-loading-api-v1, fabric-networking-api-v1, fabric-object-builder-api-v1, fabric-particles-v1, fabric-permission-api-v1, fabric-recipe-api-v1, fabric-registry-sync-v0, fabric-renderer-api-v1, fabric-renderer-indigo, fabric-rendering-fluids-v1, fabric-rendering-v1, fabric-resource-conditions-api-v1, fabric-resource-loader-v0, fabric-resource-loader-v1, fabric-screen-api-v1, fabric-serialization-api-v1, fabric-sound-api-v1, fabric-tag-api-v1, fabric-transfer-api-v1, fabric-transitive-access-wideners-v1, fabricloader, sodium, trender
[20:30:57] [Render thread/INFO]: Thread[#3,Render thread,10,main]
[20:30:57] [Render thread/INFO]: OpenGL Vendor: AMD
[20:30:57] [Render thread/INFO]: OpenGL Renderer: AMD Radeon RX 6600 (radeonsi, navi23, ACO, DRM 3.64, 7.0.0-15-generic)
[20:30:57] [Render thread/INFO]: OpenGL Version: 4.6 (Core Profile) Mesa 26.0.5 (git-e4bd78e80a)
[20:30:57] [Worker-Main-2/INFO]: Found unifont_pua-17.0.01.hex, loading
[20:30:57] [Worker-Main-6/INFO]: Found unifont_all_no_pua-17.0.01.hex, loading
[20:30:57] [Worker-Main-11/INFO]: Found unifont_jp_patch-17.0.01.hex, loading
[20:30:58] [Render thread/INFO]: OpenAL initialized on device Starship/Matisse HD Audio Controller Analog Stereo
[20:30:58] [Render thread/INFO]: Sound engine started
[20:30:58] [Render thread/INFO]: Created: 512x256x0 minecraft:textures/atlas/particles.png-atlas
[20:30:58] [Render thread/INFO]: Created: 128x128x0 minecraft:textures/atlas/decorated_pot.png-atlas
[20:30:58] [Render thread/INFO]: Created: 2048x1024x0 minecraft:textures/atlas/armor_trims.png-atlas
[20:30:58] [Render thread/INFO]: Created: 512x256x0 minecraft:textures/atlas/paintings.png-atlas
[20:30:58] [Render thread/INFO]: Created: 1024x512x0 minecraft:textures/atlas/shield_patterns.png-atlas
[20:30:58] [Render thread/INFO]: Created: 2048x2048x4 minecraft:textures/atlas/blocks.png-atlas
[20:30:58] [Render thread/INFO]: Created: 512x512x0 minecraft:textures/atlas/chest.png-atlas
[20:30:58] [Render thread/INFO]: Created: 256x128x0 minecraft:textures/atlas/celestials.png-atlas
[20:30:58] [Render thread/INFO]: Created: 1024x512x0 minecraft:textures/atlas/banner_patterns.png-atlas
[20:30:58] [Render thread/INFO]: Created: 512x512x0 minecraft:textures/atlas/beds.png-atlas
[20:30:58] [Render thread/INFO]: Created: 1024x512x0 minecraft:textures/atlas/items.png-atlas
[20:30:58] [Render thread/INFO]: Created: 1024x1024x0 minecraft:textures/atlas/gui.png-atlas
[20:30:58] [Render thread/INFO]: Created: 128x64x0 minecraft:textures/atlas/map_decorations.png-atlas
[20:30:58] [Render thread/INFO]: Created: 512x256x0 minecraft:textures/atlas/signs.png-atlas
[20:30:58] [Render thread/INFO]: Created: 512x512x0 minecraft:textures/atlas/shulker_boxes.png-atlas
[20:31:03] [Render thread/ERROR]: ########## GL ERROR ##########
[20:31:03] [Render thread/ERROR]: @ Render
[20:31:03] [Render thread/ERROR]: 65547: X11: Standard cursor shape unavailable
[20:31:23] [CullThread/INFO]: [STDOUT]: Shutting down culling task!
[20:31:23] [Render thread/INFO]: Stopping!
